===== testnet = false
===== devnet
rundir E:\defi\odex\obyte-local\testdata\runid-0051
[INFO][genesis-node] Child started
[INFO][obyte-witness-0001] Child started
[INFO][obyte-witness-0002] Child started
[INFO][obyte-hub-0001] Child started
[INFO][headless-wallet-0001] Child started
[INFO][headless-wallet-0002] Child started
[INFO][headless-wallet-0003] Child started
vault HBQYXFJJ5VWREN34ONZD64C43HQ5ES6A
after deposits: bal_alice = 990000
warning: unused imports: `BTC_USD`, `ORACLE_BOND_PERP`, and `genesis_params`
 --> crates\operp-exec\src\lib.rs:6:10
  |
6 |     bps, genesis_params, liq_order_id, notional_usd, order_id, AccountId, Bps, ExecStatus,
  |          ^^^^^^^^^^^^^^
7 |     MarketId, MarketParams, OrderId, OrderType, ParamKey, Qty, Seq, Side, TimeInForce, UnitId,
8 |     Usd, BTC_USD, CREATE_MARKET_FEE_PERP, INSURANCE_ACCOUNT, ORACLE_BOND_PERP,
  |          ^^^^^^^                                             ^^^^^^^^^^^^^^^^
  |
  = note: `#[warn(unused_imports)]` on by default

warning: `operp-exec` (lib) generated 1 warning (run `cargo fix --lib -p operp-exec` to apply 1 suggestion)
    Finished `dev` profile [unoptimized + debuginfo] target(s) in 0.43s
     Running `E:\defi\odex\target\debug\examples\gen_withdraw_proof.exe CQFSROWXCAS374NX2GFID5Q2VLDUBZHU 1000000`
claim: CQFSROWXCAS374NX2GFID5Q2VLDUBZHU 1000000 aa_root: 174f4589526e9449baeb1b75f05840c9ed9ac338568d4d4562186760fd136792
local proof recheck OK
cand after replacement: rootFINAL1 174f4589526e9449baeb1b75f05840c9ed9ac338568d4d4562186760fd136792
  early lock bounced as expected
lock response tail: REN34ONZD64C43HQ5ES6A":{"root_1":{"value":"rootFINAL1"},"last_locked":{"value":1,"old_value":0,"delta":1},"aa_root_1":{"value":"174f4589526e9449baeb1b75f05840c9ed9ac338568d4d4562186760fd136792"},"stable_at_1":{"value":1787546417}}},"allBalances":{"HBQYXFJJ5VWREN34ONZD64C43HQ5ES6A":{"base":3034398}}}
after lock: root_1 = rootFINAL1 last_locked = 1
  pre-finalize withdraw bounced as expected
  frozen_1 = 1 bond_bob = 20000
  impostor respond bounced as expected
  unfrozen; bob bond after confiscation = 0
  early finalize bounced as expected
after failed challenge: frozen_2 = 2 last_locked = 1
  alice bond stays credited = 20000
  claim_bond paid out 20000 bytes and zeroed the ledger
height 1 finalized
GOOD PROOF WITHDRAWAL PAID
REPLAY WITHDRAWAL BOUNCED AS EXPECTED
FAILED: Error: bad proof did not bounce with 'bad merkle root': {"unit":"ZrR1dFdfVDicSojRIEGCGHhqEf7PKq4HlGOorADcJF8=","response":{"mci":174,"timestamp":1787550798,"trigger_address":"CQFSROWXCAS374NX2GFID5Q2VLDUBZHU","trigger_initial_address":"CQFSROWXCAS374NX2GFID5Q2VLDUBZHU","trigger_unit":"ZrR1dFdfVDicSojRIEGCGHhqEf7PKq4HlGOorADcJF8=","trigger_initial_unit":"ZrR1dFdfVDicSojRIEGCGHhqEf7PKq4HlGOorADcJF8=","aa_address":"HBQYXFJJ5VWREN34ONZD64C43HQ5ES6A","bounc
    at main (E:\defi\odex\obyte-local\test_vault_aa.js:609:11)
    at process.processTicksAndRejections (node:internal/process/task_queues:105:5)
[INFO][obyte-hub-0001] Child exited
[INFO][headless-wallet-0001] Child exited
[INFO][obyte-witness-0002] Child exited
[INFO][genesis-node] Child exited
[INFO][headless-wallet-0003] Child exited
[INFO][obyte-witness-0001] Child exited
[INFO][headless-wallet-0002] Child exited
