===== testnet = false
===== devnet
rundir E:\defi\odex\obyte-local\testdata\runid-0048
[INFO][genesis-node] Child started
[INFO][obyte-witness-0001] Child started
[INFO][obyte-witness-0002] Child started
[INFO][obyte-hub-0001] Child started
[INFO][headless-wallet-0001] Child started
[INFO][headless-wallet-0003] Child started
[INFO][headless-wallet-0002] Child started
[INFO][headless-wallet-0001] Child exited
[INFO][obyte-witness-0001] Child exited
[INFO][obyte-witness-0002] Child exited
[INFO][genesis-node] Child exited
[INFO][headless-wallet-0002] Child exited
[INFO][headless-wallet-0003] Child exited
[INFO][obyte-hub-0001] Child exited
FAILED: Error: Validation error: complexity exceeded: 101
    at NetworkInitializer.initializeAgents (E:\defi\odex\vendor\aa-testkit\src\networks\lib\NetworkInitializer.js:161:21)
    at process.processTicksAndRejections (node:internal/process/task_queues:105:5)
    at async NetworkInitializer.initialize (E:\defi\odex\vendor\aa-testkit\src\networks\lib\NetworkInitializer.js:117:3)
    at async NetworkInitializer.run (E:\defi\odex\vendor\aa-testkit\src\networks\lib\NetworkInitializer.js:321:4)
    at async main (E:\defi\odex\obyte-local\test_vault_aa.js:433:13)
